2025-04-04 05:33:36.765445 - Received CBT.V508.FILE178.PDS from FILE178.XMI 
2025-04-04 05:33:36.767160 - Found $$$#DATE.txt (text/plain) in CBT.V508.FILE178.PDS, moved to PDS/$$$#DATE
2025-04-04 05:33:36.767304 - Found $DOC.txt (text/plain) in CBT.V508.FILE178.PDS, moved to PDS/$DOC
2025-04-04 05:33:36.768017 - Found $FILE178.txt (text/plain) in CBT.V508.FILE178.PDS, moved to PDS/$FILE178
2025-04-04 05:33:36.768149 - Found #102ACE.txt (text/plain) in CBT.V508.FILE178.PDS, moved to PDS/#102ACE
2025-04-04 05:33:36.768268 - Found #102ACEF.txt (text/plain) in CBT.V508.FILE178.PDS, moved to PDS/#102ACEF
2025-04-04 05:33:36.768383 - Found #102BC53.txt (text/plain) in CBT.V508.FILE178.PDS, moved to PDS/#102BC53
2025-04-04 05:33:36.768497 - Found #102CCE.txt (text/plain) in CBT.V508.FILE178.PDS, moved to PDS/#102CCE
2025-04-04 05:33:36.768624 - Found #102CLT.txt (text/plain) in CBT.V508.FILE178.PDS, moved to PDS/#102CLT
2025-04-04 05:33:36.768741 - Found #102CSA.txt (text/plain) in CBT.V508.FILE178.PDS, moved to PDS/#102CSA
2025-04-04 05:33:36.768935 - Found #102CSAF.txt (text/plain) in CBT.V508.FILE178.PDS, moved to PDS/#102CSAF
2025-04-04 05:33:36.769047 - Found #102CSAM.txt (text/plain) in CBT.V508.FILE178.PDS, moved to PDS/#102CSAM
2025-04-04 05:33:36.769161 - Found #102DCE.txt (text/plain) in CBT.V508.FILE178.PDS, moved to PDS/#102DCE
2025-04-04 05:33:36.769278 - Found #102DCEC.txt (text/plain) in CBT.V508.FILE178.PDS, moved to PDS/#102DCEC
2025-04-04 05:33:36.769389 - Found #102DCEF.txt (text/plain) in CBT.V508.FILE178.PDS, moved to PDS/#102DCEF
2025-04-04 05:33:36.769501 - Found #102DCET.txt (text/plain) in CBT.V508.FILE178.PDS, moved to PDS/#102DCET
2025-04-04 05:33:36.769609 - Found #102DM58.txt (text/plain) in CBT.V508.FILE178.PDS, moved to PDS/#102DM58
2025-04-04 05:33:36.769718 - Found #102ERE.txt (text/plain) in CBT.V508.FILE178.PDS, moved to PDS/#102ERE
2025-04-04 05:33:36.769843 - Found #102ESE.txt (text/plain) in CBT.V508.FILE178.PDS, moved to PDS/#102ESE
2025-04-04 05:33:36.769968 - Found #102FC59.txt (text/plain) in CBT.V508.FILE178.PDS, moved to PDS/#102FC59
2025-04-04 05:33:36.770087 - Found #102FM61.txt (text/plain) in CBT.V508.FILE178.PDS, moved to PDS/#102FM61
2025-04-04 05:33:36.770209 - Found #102ICE.txt (text/plain) in CBT.V508.FILE178.PDS, moved to PDS/#102ICE
2025-04-04 05:33:36.770375 - Found #102IDMS.txt (text/plain) in CBT.V508.FILE178.PDS, moved to PDS/#102IDMS
2025-04-04 05:33:36.770506 - Found #102JD62.txt (text/plain) in CBT.V508.FILE178.PDS, moved to PDS/#102JD62
2025-04-04 05:33:36.770635 - Found #102LTE.txt (text/plain) in CBT.V508.FILE178.PDS, moved to PDS/#102LTE
2025-04-04 05:33:36.770799 - Found #102LTEF.txt (text/plain) in CBT.V508.FILE178.PDS, moved to PDS/#102LTEF
2025-04-04 05:33:36.770923 - Found #102LTT.txt (text/plain) in CBT.V508.FILE178.PDS, moved to PDS/#102LTT
2025-04-04 05:33:36.771053 - Found #102NUC.txt (text/plain) in CBT.V508.FILE178.PDS, moved to PDS/#102NUC
2025-04-04 05:33:36.771166 - Found #102PR60.txt (text/plain) in CBT.V508.FILE178.PDS, moved to PDS/#102PR60
2025-04-04 05:33:36.771298 - Found #102RCEF.txt (text/plain) in CBT.V508.FILE178.PDS, moved to PDS/#102RCEF
2025-04-04 05:33:36.771414 - Found #102REG.txt (text/plain) in CBT.V508.FILE178.PDS, moved to PDS/#102REG
2025-04-04 05:33:36.771525 - Found #102RLEC.txt (text/plain) in CBT.V508.FILE178.PDS, moved to PDS/#102RLEC
2025-04-04 05:33:36.771634 - Found #102SCA.txt (text/plain) in CBT.V508.FILE178.PDS, moved to PDS/#102SCA
2025-04-04 05:33:36.771746 - Found #102TCE.txt (text/plain) in CBT.V508.FILE178.PDS, moved to PDS/#102TCE
2025-04-04 05:33:36.771869 - Found #102TCEF.txt (text/plain) in CBT.V508.FILE178.PDS, moved to PDS/#102TCEF
2025-04-04 05:33:36.771984 - Found #102TCEG.txt (text/plain) in CBT.V508.FILE178.PDS, moved to PDS/#102TCEG
2025-04-04 05:33:36.772094 - Found #102VB50.txt (text/plain) in CBT.V508.FILE178.PDS, moved to PDS/#102VB50
2025-04-04 05:33:36.772262 - Found #102VECT.txt (text/plain) in CBT.V508.FILE178.PDS, moved to PDS/#102VECT
2025-04-04 05:33:36.772374 - Found @FILE178.txt (text/plain) in CBT.V508.FILE178.PDS, moved to PDS/@FILE178
2025-04-04 05:33:36.772488 - Found BLSUFLAG.txt (text/plain) in CBT.V508.FILE178.PDS, moved to PDS/BLSUFLAG
2025-04-04 05:33:36.772597 - Found GLOBAL1.txt (text/plain) in CBT.V508.FILE178.PDS, moved to PDS/GLOBAL1
2025-04-04 05:33:36.772736 - Found ZCP.txt (text/plain) in CBT.V508.FILE178.PDS, moved to PDS/ZCP
2025-04-04 05:33:36.772847 - Found ZNOTE.txt (text/plain) in CBT.V508.FILE178.PDS, moved to PDS/ZNOTE
2025-04-04 05:33:36.772966 - Found Z102DM58.txt (text/plain) in CBT.V508.FILE178.PDS, moved to PDS/Z102DM58
